[2026-09-12 19:29:06] [SMS_LOCAL] Phone: +91-9876543210 | OTP: 1369 | Message: Your Flipkart login OTP is 1369. Valid for 10 minutes. Please do not share this code with anyone.
[2026-09-12 19:29:06] [SMS_LOCAL] Phone: +91-9876543210 | OTP: 523558 | Message: [Fast2SMS Fallback] Your Flipkart login OTP is 523558. Valid for 10 minutes. Please do not share this code with anyone.
[2026-09-12 19:29:06] [SMS_LOCAL] Phone: +91-9876543210 | OTP: 368063 | Message: [MSG91 Fallback] Your Flipkart login OTP is 368063. Valid for 10 minutes. Please do not share this code with anyone.
[2026-09-12 19:29:06] [SMS_LOCAL] Phone: +91-9876543210 | OTP: 328422 | Message: [Twilio Fallback] Your Flipkart login OTP is 328422. Valid for 10 minutes. Please do not share this code with anyone.
[2026-09-12 19:29:06] [SMS_LOCAL] Phone: +91-9876543210 | OTP: 714102 | Message: [Textlocal Fallback] Your Flipkart login OTP is 714102. Valid for 10 minutes. Please do not share this code with anyone.
[2026-09-12 19:29:35] [SMS_LOCAL] Phone: +91-9876543210 | OTP: 1369 | Message: Your Flipkart login OTP is 1369. Valid for 10 minutes. Please do not share this code with anyone.
[2026-09-12 19:29:35] [SMS_LOCAL] Phone: +91-9876543210 | OTP: 590864 | Message: [Fast2SMS Fallback] Your Flipkart login OTP is 590864. Valid for 10 minutes. Please do not share this code with anyone.
[2026-09-12 19:29:35] [SMS_LOCAL] Phone: +91-9876543210 | OTP: 103250 | Message: [MSG91 Fallback] Your Flipkart login OTP is 103250. Valid for 10 minutes. Please do not share this code with anyone.
[2026-09-12 19:29:35] [SMS_LOCAL] Phone: +91-9876543210 | OTP: 568047 | Message: [Twilio Fallback] Your Flipkart login OTP is 568047. Valid for 10 minutes. Please do not share this code with anyone.
[2026-09-12 19:29:35] [SMS_LOCAL] Phone: +91-9876543210 | OTP: 233896 | Message: [Textlocal Fallback] Your Flipkart login OTP is 233896. Valid for 10 minutes. Please do not share this code with anyone.
[2026-09-12 19:32:04] [SMS_LOCAL] Phone: +91-9876543210 | OTP: 1369 | Message: Your Flipkart login OTP is 1369. Valid for 10 minutes. Please do not share this code with anyone.
[2026-09-12 19:43:12] [SMS_LOCAL] Phone: +91-9876543210 | OTP: 1369 | Message: Your Flipkart login OTP is 1369. Valid for 10 minutes. Please do not share this code with anyone.
[2026-09-12 19:43:12] [SMS_LOCAL] Phone: +91-9876543210 | OTP: 117736 | Message: [Fast2SMS Fallback] Your Flipkart login OTP is 117736. Valid for 10 minutes. Please do not share this code with anyone.
[2026-09-12 19:43:12] [SMS_LOCAL] Phone: +91-9876543210 | OTP: 731283 | Message: [MSG91 Fallback] Your Flipkart login OTP is 731283. Valid for 10 minutes. Please do not share this code with anyone.
[2026-09-12 19:43:12] [SMS_LOCAL] Phone: +91-9876543210 | OTP: 203299 | Message: [Twilio Fallback] Your Flipkart login OTP is 203299. Valid for 10 minutes. Please do not share this code with anyone.
[2026-09-12 19:43:12] [SMS_LOCAL] Phone: +91-9876543210 | OTP: 854439 | Message: [Textlocal Fallback] Your Flipkart login OTP is 854439. Valid for 10 minutes. Please do not share this code with anyone.
[2026-09-12 19:46:52] [SMS_LOCAL] Phone: +91-9876543210 | OTP: 1369 | Message: Your Flipkart login OTP is 1369. Valid for 10 minutes. Please do not share this code with anyone.
[2026-09-12 19:46:52] [SMS_LOCAL] Phone: +91-9876543210 | OTP: 352380 | Message: [Fast2SMS Fallback] Your Flipkart login OTP is 352380. Valid for 10 minutes. Please do not share this code with anyone.
[2026-09-12 19:46:52] [SMS_LOCAL] Phone: +91-9876543210 | OTP: 855094 | Message: [MSG91 Fallback] Your Flipkart login OTP is 855094. Valid for 10 minutes. Please do not share this code with anyone.
[2026-09-12 19:46:52] [SMS_LOCAL] Phone: +91-9876543210 | OTP: 246475 | Message: [Twilio Fallback] Your Flipkart login OTP is 246475. Valid for 10 minutes. Please do not share this code with anyone.
[2026-09-12 19:46:52] [SMS_LOCAL] Phone: +91-9876543210 | OTP: 734006 | Message: [Textlocal Fallback] Your Flipkart login OTP is 734006. Valid for 10 minutes. Please do not share this code with anyone.
[2026-09-12 20:01:32] [SMS_LOCAL] Phone: +91-9876543210 | OTP: 1369 | Message: Your Flipkart login OTP is 1369. Valid for 10 minutes. Please do not share this code with anyone.
[2026-09-12 20:01:32] [SMS_LOCAL] Phone: +91-9876543210 | OTP: 223058 | Message: [Fast2SMS Fallback] Your Flipkart login OTP is 223058. Valid for 10 minutes. Please do not share this code with anyone.
[2026-09-12 20:01:32] [SMS_LOCAL] Phone: +91-9876543210 | OTP: 194072 | Message: [MSG91 Fallback] Your Flipkart login OTP is 194072. Valid for 10 minutes. Please do not share this code with anyone.
[2026-09-12 20:01:32] [SMS_LOCAL] Phone: +91-9876543210 | OTP: 409651 | Message: [Twilio Fallback] Your Flipkart login OTP is 409651. Valid for 10 minutes. Please do not share this code with anyone.
[2026-09-12 20:01:32] [SMS_LOCAL] Phone: +91-9876543210 | OTP: 207678 | Message: [Textlocal Fallback] Your Flipkart login OTP is 207678. Valid for 10 minutes. Please do not share this code with anyone.
[2026-09-12 20:05:24] [SMS_LOCAL] Phone: +91-9876543210 | OTP: 1369 | Message: Your Flipkart login OTP is 1369. Valid for 10 minutes. Please do not share this code with anyone.
[2026-09-12 20:05:24] [SMS_LOCAL] Phone: +91-9876543210 | OTP: 725111 | Message: [Fast2SMS Fallback] Your Flipkart login OTP is 725111. Valid for 10 minutes. Please do not share this code with anyone.
[2026-09-12 20:05:24] [SMS_LOCAL] Phone: +91-9876543210 | OTP: 767985 | Message: [MSG91 Fallback] Your Flipkart login OTP is 767985. Valid for 10 minutes. Please do not share this code with anyone.
[2026-09-12 20:05:24] [SMS_LOCAL] Phone: +91-9876543210 | OTP: 395953 | Message: [Twilio Fallback] Your Flipkart login OTP is 395953. Valid for 10 minutes. Please do not share this code with anyone.
[2026-09-12 20:05:24] [SMS_LOCAL] Phone: +91-9876543210 | OTP: 923245 | Message: [Textlocal Fallback] Your Flipkart login OTP is 923245. Valid for 10 minutes. Please do not share this code with anyone.
[2026-09-12 20:50:47] [SMS_LOCAL] Phone: +91-9876543210 | OTP: 1369 | Message: Your Flipkart login OTP is 1369. Valid for 10 minutes. Please do not share this code with anyone.
[2026-09-12 20:50:47] [SMS_LOCAL] Phone: +91-9876543210 | OTP: 239816 | Message: [Fast2SMS Fallback] Your Flipkart login OTP is 239816. Valid for 10 minutes. Please do not share this code with anyone.
[2026-09-12 20:50:47] [SMS_LOCAL] Phone: +91-9876543210 | OTP: 326570 | Message: [MSG91 Fallback] Your Flipkart login OTP is 326570. Valid for 10 minutes. Please do not share this code with anyone.
[2026-09-12 20:50:47] [SMS_LOCAL] Phone: +91-9876543210 | OTP: 547113 | Message: [Twilio Fallback] Your Flipkart login OTP is 547113. Valid for 10 minutes. Please do not share this code with anyone.
[2026-09-12 20:50:47] [SMS_LOCAL] Phone: +91-9876543210 | OTP: 342468 | Message: [Textlocal Fallback] Your Flipkart login OTP is 342468. Valid for 10 minutes. Please do not share this code with anyone.
